适用于 .NET Framework MSBuild 版本 17.14.18+a338add32

  GLAD.vcxproj -> D:\Workspace\VS Workspace\HuaEngine\build\bin\Debug-Windows-x64\GLAD.lib
  ImGui.vcxproj -> D:\Workspace\VS Workspace\HuaEngine\build\bin\Debug-Windows-x64\ImGui.lib
  glfw.vcxproj -> D:\Workspace\VS Workspace\HuaEngine\build\bin\Debug-Windows-x64\glfw3.lib
  HuaEngine.vcxproj -> D:\Workspace\VS Workspace\HuaEngine\build\bin\Debug-Windows-x64\HuaEngine.lib
适用于 .NET Framework MSBuild 版本 17.14.18+a338add32

  GLAD.vcxproj -> D:\Workspace\VS Workspace\HuaEngine\build\bin\Debug-Windows-x64\GLAD.lib
  ImGui.vcxproj -> D:\Workspace\VS Workspace\HuaEngine\build\bin\Debug-Windows-x64\ImGui.lib
  glfw.vcxproj -> D:\Workspace\VS Workspace\HuaEngine\build\bin\Debug-Windows-x64\glfw3.lib
  HuaEngine.vcxproj -> D:\Workspace\VS Workspace\HuaEngine\build\bin\Debug-Windows-x64\HuaEngine.lib
  Editor.vcxproj -> D:\Workspace\VS Workspace\HuaEngine\build\bin\Debug-Windows-x64\Editor.exe
适用于 .NET Framework MSBuild 版本 17.14.18+a338add32

  GLAD.vcxproj -> D:\Workspace\VS Workspace\HuaEngine\build\bin\Debug-Windows-x64\GLAD.lib
  ImGui.vcxproj -> D:\Workspace\VS Workspace\HuaEngine\build\bin\Debug-Windows-x64\ImGui.lib
  glfw.vcxproj -> D:\Workspace\VS Workspace\HuaEngine\build\bin\Debug-Windows-x64\glfw3.lib
  HuaEngine.vcxproj -> D:\Workspace\VS Workspace\HuaEngine\build\bin\Debug-Windows-x64\HuaEngine.lib
  Sandbox.vcxproj -> D:\Workspace\VS Workspace\HuaEngine\build\bin\Debug-Windows-x64\Sandbox.exe
适用于 .NET Framework MSBuild 版本 17.14.18+a338add32

  GLAD.vcxproj -> D:\Workspace\VS Workspace\HuaEngine\build\bin\Debug-Windows-x64\GLAD.lib
  ImGui.vcxproj -> D:\Workspace\VS Workspace\HuaEngine\build\bin\Debug-Windows-x64\ImGui.lib
  glfw.vcxproj -> D:\Workspace\VS Workspace\HuaEngine\build\bin\Debug-Windows-x64\glfw3.lib
  HuaEngine.vcxproj -> D:\Workspace\VS Workspace\HuaEngine\build\bin\Debug-Windows-x64\HuaEngine.lib
  ProjectServiceSmoke.vcxproj -> D:\Workspace\VS Workspace\HuaEngine\build\bin\Debug-Windows-x64\ProjectServiceSmoke.exe
适用于 .NET Framework MSBuild 版本 17.14.18+a338add32

  GLAD.vcxproj -> D:\Workspace\VS Workspace\HuaEngine\build\bin\Debug-Windows-x64\GLAD.lib
  ImGui.vcxproj -> D:\Workspace\VS Workspace\HuaEngine\build\bin\Debug-Windows-x64\ImGui.lib
  glfw.vcxproj -> D:\Workspace\VS Workspace\HuaEngine\build\bin\Debug-Windows-x64\glfw3.lib
  HuaEngine.vcxproj -> D:\Workspace\VS Workspace\HuaEngine\build\bin\Debug-Windows-x64\HuaEngine.lib
  SceneServiceSmoke.vcxproj -> D:\Workspace\VS Workspace\HuaEngine\build\bin\Debug-Windows-x64\SceneServiceSmoke.exe
适用于 .NET Framework MSBuild 版本 17.14.18+a338add32

  GLAD.vcxproj -> D:\Workspace\VS Workspace\HuaEngine\build\bin\Debug-Windows-x64\GLAD.lib
  ImGui.vcxproj -> D:\Workspace\VS Workspace\HuaEngine\build\bin\Debug-Windows-x64\ImGui.lib
  glfw.vcxproj -> D:\Workspace\VS Workspace\HuaEngine\build\bin\Debug-Windows-x64\glfw3.lib
  HuaEngine.vcxproj -> D:\Workspace\VS Workspace\HuaEngine\build\bin\Debug-Windows-x64\HuaEngine.lib
  AssetServiceSmoke.vcxproj -> D:\Workspace\VS Workspace\HuaEngine\build\bin\Debug-Windows-x64\AssetServiceSmoke.exe
适用于 .NET Framework MSBuild 版本 17.14.18+a338add32

  GLAD.vcxproj -> D:\Workspace\VS Workspace\HuaEngine\build\bin\Debug-Windows-x64\GLAD.lib
  ImGui.vcxproj -> D:\Workspace\VS Workspace\HuaEngine\build\bin\Debug-Windows-x64\ImGui.lib
  glfw.vcxproj -> D:\Workspace\VS Workspace\HuaEngine\build\bin\Debug-Windows-x64\glfw3.lib
  HuaEngine.vcxproj -> D:\Workspace\VS Workspace\HuaEngine\build\bin\Debug-Windows-x64\HuaEngine.lib
  ScriptServiceSmoke.vcxproj -> D:\Workspace\VS Workspace\HuaEngine\build\bin\Debug-Windows-x64\ScriptServiceSmoke.exe
适用于 .NET Framework MSBuild 版本 17.14.18+a338add32

  GLAD.vcxproj -> D:\Workspace\VS Workspace\HuaEngine\build\bin\Debug-Windows-x64\GLAD.lib
  ImGui.vcxproj -> D:\Workspace\VS Workspace\HuaEngine\build\bin\Debug-Windows-x64\ImGui.lib
  glfw.vcxproj -> D:\Workspace\VS Workspace\HuaEngine\build\bin\Debug-Windows-x64\glfw3.lib
  HuaEngine.vcxproj -> D:\Workspace\VS Workspace\HuaEngine\build\bin\Debug-Windows-x64\HuaEngine.lib
  ValidationServiceSmoke.vcxproj -> D:\Workspace\VS Workspace\HuaEngine\build\bin\Debug-Windows-x64\ValidationServiceSmoke.exe

